========================================================================
🧪 EE-CRM CUMULATIVE E2E VERIFICATION SUITE — CRM-008
Local Base URL:  http://localhost:3000
Vercel Base URL: https://poc-zom-report-2qvs.vercel.app
Timestamp:       2026-09-27T19:40:15.006Z
========================================================================

--- Group 1: Live Deployment Verification (Vercel Production) ---
✅ [PASS] E2E-PROD-HEALTH: Vercel /api/health returns 200 OK with upstash_cloud mode, Schoolmate configured, and no-store header
    ↳ Status: 200, Redis Mode: upstash_cloud, SM Configured: true
✅ [PASS] E2E-PROD-WEEKLY-EMPTY: Vercel POST /api/teachers/weekly-lessons returns 200 OK with empty results map for empty teacherIds
    ↳ Status: 200, Payload: {"results":{}}
✅ [PASS] E2E-PROD-WEEKLY-QUERY: Vercel POST /api/teachers/weekly-lessons successfully resolves live teacher schedule & cache
    ↳ Status: 200, Teacher 17251: 20 lessons, 1200 min, cached: true
✅ [PASS] E2E-PROD-WEEKLY-400: Vercel POST /api/teachers/weekly-lessons returns HTTP 400 for malformed JSON request
    ↳ Status: 400, Error: Invalid JSON body
✅ [PASS] E2E-PROD-WEBHOOK-CRC: Vercel /api/webhooks/zoom handles CRC challenge and returns encryptedToken
    ↳ Status: 200, Token: 44cd19dd2dfb6582...
✅ [PASS] E2E-PROD-PROXY: Vercel Next.js Proxy allows access to login and public application routes
    ↳ Login status: 200, Home status: 200

--- Group 2: Architectural Invariants & Static Verification ---
✅ [PASS] AC-1-ADR-001: ADR-001 is documented with required layout, responsibility matrix, and layering constraints
    ↳ Document size: 8422 bytes at docs/architecture/ADR-001...
✅ [PASS] AC-2-LAYOUT: lib/ contains domain, services, infrastructure, utils, shared and zero root files
    ↳ Required subdirectories verified; 0 orphan files in lib/ root
✅ [PASS] AC-3-THIN-CONTROLLER: POST /api/teachers/weekly-lessons is a thin transport adapter (< 50 lines)
    ↳ Handler is 41 lines; transport-only delegation verified
✅ [PASS] AC-4-QOS-PROXY: Dead QoS functions pruned from zoom.js, middleware.js removed, proxy.js active
    ↳ QoS methods absent; proxy.js verified with matcher
✅ [PASS] AC-6-DOMAIN-ISOLATION: Domain layer modules (zoom-occurrence.js, comparison-engine.js) have zero infrastructure/Upstash imports
    ↳ Scanned 2 domain modules; strict isolation confirmed

--- Group 3: Local Server Transport Verification ---
✅ [PASS] E2E-LOCAL-WEEKLY-EMPTY: Local POST /api/teachers/weekly-lessons responds 200 with empty results
    ↳ Status: 200, Body: {"results":{}}
✅ [PASS] E2E-LOCAL-WEEKLY-400: Local POST /api/teachers/weekly-lessons returns 400 on malformed JSON
    ↳ Status: 400, Error: Invalid JSON body

--- Group 4: Cumulative Suite Import Integrity Audit ---
❌ [FAIL] AC-5-CUMULATIVE-IMPORTS: Stale flat lib/ imports detected in verification/tests/ suites
    ↳ Found 5 broken test files: crm-001-zoom-meetings.e2e.mjs, crm-002-teacher-day-details.e2e.mjs, crm-004-activity-comparison.e2e.mjs, crm-006-persistence-fallbacks.e2e.mjs, crm-007-network-reliability.e2e.mjs

========================================================================
📊 VERIFICATION RUN SUMMARY: 13/14 PASS, 1 FAIL, 0 BLOCKED
========================================================================
Evidence saved to D:\2grow\poc-zoom-report\ee-crm\verification\evidence\crm-008-vercel-evidence.json
